2026-10-05 09:41:46 - eva - INFO - Загружено 2 пользователей
2026-10-05 09:41:46 - eva - INFO - Загружено 2 заказов
2026-10-05 09:41:46 - eva - INFO - Создан новый заказ 00003 для Анна Смирнова
2026-10-05 09:41:46 - eva - INFO - Загружено 8 товаров
2026-10-05 09:41:49 - eva - INFO - Добавлен товар Малиновый мусс
2026-10-05 09:41:51 - eva - INFO - Добавлен товар Капкейк ванильный
2026-10-05 09:41:54 - eva - INFO - Добавлен товар Эклер шоколадный
2026-10-05 09:42:01 - eva - INFO - Добавлен товар Макарон ассорти
2026-10-05 09:42:01 - eva - INFO - Товар Макарон ассорти количество 2
2026-10-05 09:42:04 - eva - INFO - Товар Капкейк ванильный количество 2
2026-10-05 09:42:07 - eva - INFO - Добавлен товар Чай с бергамотом
2026-10-05 09:42:08 - eva - INFO - Добавлен товар Капучино
2026-10-05 09:43:12 - eva - INFO - Загружено 2 заказов
2026-10-05 09:43:12 - eva - INFO - Заказ 00003 сохранён
2026-10-05 09:43:12 - eva - INFO - Заказ 00003 успешно проведён
2026-10-05 09:43:14 - eva - INFO - Загружено 3 заказов
2026-10-05 09:43:14 - eva - INFO - Создан новый заказ 00004 для Анна Смирнова
2026-10-05 09:43:26 - eva - INFO - Загружено 2 пользователей
2026-10-05 09:43:27 - eva - INFO - Загружено 3 заказов
2026-10-05 09:43:36 - eva - INFO - Загружено 3 заказов
2026-10-05 09:46:40 - eva - INFO - Загружено 2 пользователей
2026-10-05 09:46:40 - eva - INFO - Загружено 3 заказов
2026-10-05 09:46:40 - eva - INFO - Создан новый заказ 00004 для Анна Смирнова
2026-10-05 09:46:40 - eva - INFO - Загружено 8 товаров
2026-10-05 09:46:43 - eva - INFO - Добавлен товар Малиновый мусс
2026-10-05 09:46:45 - eva - INFO - Добавлен товар Капкейк ванильный
2026-10-05 09:48:31 - eva - INFO - Загружено 2 пользователей
2026-10-05 09:48:31 - eva - INFO - Загружено 3 заказов
2026-10-05 09:48:31 - eva - INFO - Создан новый заказ 00004 для Анна Смирнова
2026-10-05 09:48:31 - eva - INFO - Загружено 8 товаров
2026-10-05 09:48:33 - eva - INFO - Добавлен товар Малиновый мусс
2026-10-05 09:48:34 - eva - INFO - Добавлен товар Клубничное облако
2026-10-05 09:48:37 - eva - INFO - Добавлен товар Капкейк ванильный
2026-10-05 09:48:38 - eva - INFO - Добавлен товар Макарон ассорти
2026-10-05 09:48:40 - eva - INFO - Добавлен товар Чизкейк Нью-Йорк
2026-10-05 09:48:41 - eva - INFO - Добавлен товар Эклер шоколадный
2026-10-05 09:48:52 - eva - INFO - Загружено 3 заказов
2026-10-05 09:48:52 - eva - INFO - Заказ 00004 сохранён
2026-10-05 09:48:52 - eva - INFO - Заказ 00004 успешно проведён
2026-10-05 09:48:54 - eva - INFO - Загружено 4 заказов
2026-10-05 09:48:54 - eva - INFO - Создан новый заказ 00005 для Анна Смирнова
2026-10-05 09:49:38 - eva - INFO - Загружено 2 пользователей
2026-10-05 09:49:38 - eva - INFO - Загружено 4 заказов
2026-10-05 09:49:38 - eva - INFO - Создан новый заказ 00005 для Анна Смирнова
2026-10-05 09:49:38 - eva - INFO - Загружено 8 товаров
2026-10-05 09:49:42 - eva - INFO - Добавлен товар Малиновый мусс
2026-10-05 09:49:43 - eva - INFO - Добавлен товар Клубничное облако
2026-10-05 09:49:49 - eva - INFO - Добавлен товар Макарон ассорти
2026-10-05 09:49:50 - eva - INFO - Добавлен товар Капкейк ванильный
2026-10-05 09:50:18 - eva - INFO - Загружено 2 пользователей
2026-10-05 09:50:18 - eva - INFO - Загружено 4 заказов
2026-10-05 09:50:18 - eva - INFO - Создан новый заказ 00005 для Анна Смирнова
2026-10-05 09:50:18 - eva - INFO - Загружено 8 товаров
2026-10-05 09:50:38 - eva - INFO - Добавлен товар Малиновый мусс
2026-10-05 09:50:39 - eva - INFO - Товар Малиновый мусс количество 2
2026-10-05 09:50:39 - eva - INFO - Товар Малиновый мусс количество 3
2026-10-05 09:50:40 - eva - INFO - Товар Малиновый мусс количество 4
2026-10-05 09:50:40 - eva - INFO - Товар Малиновый мусс количество 5
2026-10-05 09:50:40 - eva - INFO - Товар Малиновый мусс количество 6
2026-10-05 09:50:40 - eva - INFO - Товар Малиновый мусс количество 7
2026-10-05 09:50:40 - eva - INFO - Товар Малиновый мусс количество 8
2026-10-05 09:50:41 - eva - INFO - Товар Малиновый мусс количество 9
2026-10-05 09:50:41 - eva - INFO - Товар Малиновый мусс количество 10
2026-10-05 09:50:41 - eva - INFO - Товар Малиновый мусс количество 11
2026-10-05 09:50:41 - eva - INFO - Товар Малиновый мусс количество 12
2026-10-05 09:50:41 - eva - INFO - Товар Малиновый мусс количество 13
2026-10-05 09:50:44 - eva - INFO - Добавлен товар Чай с бергамотом
2026-10-05 09:50:44 - eva - INFO - Товар Чай с бергамотом количество 2
2026-10-05 09:50:44 - eva - INFO - Товар Чай с бергамотом количество 3
2026-10-05 09:50:45 - eva - INFO - Товар Чай с бергамотом количество 4
2026-10-05 09:50:54 - eva - INFO - Загружено 4 заказов
2026-10-05 09:50:54 - eva - INFO - Создан новый заказ 00005 для Анна Смирнова
